../Core/Src/main.c:117:1:__io_putchar	16	static
../Core/Src/main.c:131:6:timer_start	8	static
../Core/Src/main.c:137:6:delay_us	16	static
../Core/Src/main.c:147:6:trig	8	static
../Core/Src/main.c:165:19:echo	16	static
../Core/Src/main.c:193:6:us_output	8	static
../Core/Src/main.c:213:6:smartcar_stop	8	static
../Core/Src/main.c:233:6:smartcar_foward	8	static
../Core/Src/main.c:253:6:smartcar_backward	8	static
../Core/Src/main.c:273:6:smartcar_turn_left	8	static
../Core/Src/main.c:293:6:smartcar_turn_right	8	static
../Core/Src/main.c:323:5:main	8	static
../Core/Src/main.c:429:6:SystemClock_Config	88	static
../Core/Src/main.c:507:13:MX_TIM1_Init	32	static
../Core/Src/main.c:577:13:MX_USART2_UART_Init	8	static
../Core/Src/main.c:625:13:MX_GPIO_Init	48	static
../Core/Src/main.c:737:6:Error_Handler	4	static,ignoring_inline_asm
